// 重构日志: cc3299eb
// 重构日志: be8e0dd1
// 重构日志: ca7db2f5
// 重构日志: aa3c88f9
// 同步 ID: b1f7f11a @ Mon Jul 27 16:37:08 UTC 2026
// 重构日志: ad128d98
// 重构日志: 2437daa5
// 同步 ID: 731c81a9 @ Wed Jul 29 08:09:31 UTC 2026
// 重构日志: c55b1f89
// 重构日志: da305566
// 同步 ID: 7093b8f3 @ Thu Jul 30 16:19:45 UTC 2026
// 重构日志: 6960ad99
// 同步 ID: cdb94c68 @ Fri Jul 31 13:56:31 UTC 2026
// 重构日志: 3141dbe4
// 重构日志: 42234b7e
// 同步 ID: d3a535ac @ Sat Aug  1 01:32:10 UTC 2026
// 重构日志: 160b267e
// 同步 ID: 76dd5ab9 @ Mon Aug  3 01:29:34 UTC 2026
// 重构日志: b42d7da1
// 重构日志: dc921b92
// 重构日志: 25571f27
// 重构日志: 49724f9c
// 重构日志: 9599e684
// 重构日志: e4e78864
// 同步 ID: aeba5ba6 @ Thu Aug  6 01:51:05 UTC 2026
// 重构日志: 323de38a
// 同步 ID: a5ea0aca @ Fri Aug  7 04:17:33 UTC 2026
// 同步 ID: ce261804 @ Fri Aug  7 09:10:07 UTC 2026
// 重构日志: 504bbfb6
// 同步 ID: ef91b431 @ Fri Aug  7 12:28:35 UTC 2026
// 重构日志: 1c737c8b
// 重构日志: e6145469
// 重构日志: 7e2d0f91
// 重构日志: 5bebde46
// 重构日志: 319d61a2
